node.exe : node:interna
l/modules/esm/resolve:2
74
At line:1 char:1
+ & "C:\Program 
Files\nodejs/node.exe" 
"C:\Program 
Files\nodejs/node_mo 
...
+ ~~~~~~~~~~~~~~~~~~~~~
~~~~~~~~~~~~~~~~~~~~~~~
~~~~~~~~~~~~~~~~~~~~~~~
~~
    + CategoryInfo     
         : NotSpecifi  
  ed: (node:internal   
 /modules/esm/resol    
ve:274:String) [],     
RemoteException
    + FullyQualifiedEr 
   rorId : NativeComm  
  andError
 
    throw new 
ERR_MODULE_NOT_FOUND(
          ^

Error [ERR_MODULE_NOT_F
OUND]: Cannot find 
module 'C:\Users\MR OPP
Y\Desktop\website\idbuy
sell\node_modules\vite\
dist\node\chunks\chunk.
js' imported from 
C:\Users\MR OPPY\Deskto
p\website\idbuysell\nod
e_modules\vite\dist\nod
e\cli.js
    at 
finalizeResolution (nod
e:internal/modules/esm/
resolve:274:11)
    at moduleResolve (n
ode:internal/modules/es
m/resolve:864:10)
    at defaultResolve (
node:internal/modules/e
sm/resolve:990:11)
    at 
#cachedDefaultResolve (
node:internal/modules/e
sm/loader:737:20)
    at 
ModuleLoader.resolve (n
ode:internal/modules/es
m/loader:714:38)
    at ModuleLoader.get
ModuleJobForImport (nod
e:internal/modules/esm/
loader:293:38)
    at #link (node:inte
rnal/modules/esm/module
_job:208:49) {
  code: 
'ERR_MODULE_NOT_FOUND',
  url: 'file:///C:/User
s/MR%20OPPY/Desktop/web
site/idbuysell/node_mod
ules/vite/dist/node/chu
nks/chunk.js'
}

Node.js v24.11.1
